// Jest Snapshot v1, https://goo.gl/fbAQLP

exports[`<CurrentState /> Should render. 1`] = `
<div>
  <h2>
    Current state
  </h2>
  <div
    class="table-responsive"
  >
    <table
      class="table table-hover"
    >
      <thead
        class="thead-light"
      >
        <tr>
          <th
            scope="col"
          >
            Device
          </th>
          <th
            scope="col"
          >
            UUID
          </th>
          <th
            scope="col"
          >
            RAID
          </th>
        </tr>
      </thead>
      <tbody>
        <tr>
          <td>
            /dev/sdb
          </td>
          <td>
            1234-1234-1234-1234-1234
          </td>
          <td>
            single
          </td>
        </tr>
      </tbody>
    </table>
  </div>
</div>
`;
