// Jest Snapshot v1, https://goo.gl/fbAQLP

exports[`<UUIDs /> Should render. 1`] = `
<div>
  <table
    class="table table-hover col-sm-12 offset-lg-1 col-lg-10"
  >
    <thead>
      <tr>
        <th
          scope="col"
        >
          Devices
        </th>
        <th
          scope="col"
        >
          UUID
        </th>
      </tr>
    </thead>
    <tbody>
      <tr
        class=""
      >
        <td>
          <div
            class="custom-control custom-radio custom-control-inline"
          >
            <input
              class="custom-control-input"
              id="4444"
              name="uuids"
              type="radio"
              value="4444"
            />
            <label
              class="custom-control-label"
              for="4444"
            >
              sdc
            </label>
          </div>
        </td>
        <td>
          4444
        </td>
      </tr>
    </tbody>
  </table>
  <button
    class="btn btn-primary offset-lg-1 col-lg-4 col-sm-12"
    type="button"
  >
     
     
    Unset UUID
  </button>
  <button
    class="btn btn-primary col-sm-12 col-lg-4 offset-lg-2 col-lg-3"
    type="button"
  >
     
     
    Set UUID
  </button>
</div>
`;
