// Jest Snapshot v1, https://goo.gl/fbAQLP

exports[`<UUIDs /> Should render. 1`] = `
<div>
  <div
    class="table-responsive"
  >
    <table
      class="table table-hover"
    >
      <thead
        class="thead-light"
      >
        <tr>
          <th
            scope="col"
          >
            Devices
          </th>
          <th
            scope="col"
          >
            UUID
          </th>
        </tr>
      </thead>
      <tbody>
        <tr>
          <td>
            <div
              class="mb-0"
            >
              <input
                class="form-check-input me-2"
                id="4444"
                name="uuids"
                type="radio"
                value="4444"
              />
              <label
                class="form-check-label"
                for="4444"
              >
                sdc
              </label>
            </div>
          </td>
          <td>
            4444
          </td>
        </tr>
      </tbody>
    </table>
  </div>
  <div
    class="d-grid gap-2 d-md-flex justify-content-md-end"
  >
    <button
      class="btn btn-primary col-sm-12 col-md-4 col-lg-2 mr-md-2 mb-0 mb-md-0 d-inline-flex justify-content-center align-items-center"
      data-testid="disable-external-storage-btn"
      disabled=""
      type="button"
    >
      <span>
        Disable external storage
      </span>
    </button>
    <button
      class="btn btn-primary col-sm-12 col-md-4 col-lg-2 d-inline-flex justify-content-center align-items-center"
      data-testid="use-drive-btn"
      disabled=""
      type="button"
    >
      <span>
        Use drive
      </span>
    </button>
  </div>
</div>
`;
