// Jest Snapshot v1, https://goo.gl/fbAQLP

exports[`<Drives /> Should render modal on Format&Set click. 1`] = `
"Snapshot Diff:
- First value
+ Second value

@@ -3,11 +3,11 @@
      id=\\"modal-container\\"
    >
      <div
        aria-labelledby=\\"modal-title\\"
        aria-modal=\\"true\\"
-       class=\\"modal fade\\"
+       class=\\"modal fade show\\"
        role=\\"dialog\\"
      >
        <div
          class=\\"modal-dialog modal-dialog-centered\\"
          role=\\"document\\""
`;

exports[`<Drives /> Should render. 1`] = `
<div>
  <div
    id="modal-container"
  />
  <div
    class="mb-3"
  >
    <label
      class="form-label"
      for="1"
    >
      RAID
    </label>
    <select
      class="form-select"
      id="1"
    >
      <option
        value="custom"
      >
        Not specified
      </option>
      <option
        value="single"
      >
        JBOD
      </option>
      <option
        value="raid1"
      >
        RAID1
      </option>
    </select>
    <div
      class="form-text"
    >
      <small>
        Not specified: 
Don't change the RAID level, keeps everything set the way it was. Useful if you have a really custom setup of your RAID
we don't support and want to just add/remove some disks.

      </small>
    </div>
  </div>
  <div
    class="table-responsive"
  >
    <table
      class="table table-hover"
    >
      <thead
        class="thead-light"
      >
        <tr>
          <th
            scope="col"
          >
            Device
          </th>
          <th
            scope="col"
          >
            Description
          </th>
          <th
            scope="col"
          >
            Filesystem
          </th>
          <th
            scope="col"
          >
            UUID
          </th>
        </tr>
      </thead>
      <tbody>
        <tr>
          <td>
            <div
              class="mb-0 form-check"
            >
              <input
                class="form-check-input"
                id="2"
                type="checkbox"
              />
              <label
                class="form-check-label"
                for="2"
              >
                sdb
              </label>
            </div>
          </td>
          <td>
            USB DISK 2.0 (7.2 GiB)
          </td>
          <td />
          <td>
            1111
          </td>
        </tr>
        <tr>
          <td>
            <div
              class="mb-0 ms-4 form-check"
            >
              <input
                class="form-check-input"
                id="3"
                type="checkbox"
              />
              <label
                class="form-check-label"
                for="3"
              >
                sdb1
              </label>
            </div>
          </td>
          <td>
            USB DISK (7.2 GiB)
          </td>
          <td>
            ext4
          </td>
          <td>
            3333
          </td>
        </tr>
        <tr>
          <td>
            <div
              class="mb-0 form-check"
            >
              <input
                class="form-check-input"
                id="4"
                type="checkbox"
              />
              <label
                class="form-check-label"
                for="4"
              >
                sdc
              </label>
            </div>
          </td>
          <td>
            USB DISK 2.0 (3.6 GiB)
          </td>
          <td>
            btrfs
          </td>
          <td>
            4444
          </td>
        </tr>
        <tr>
          <td>
            <div
              class="mb-0 ms-4 form-check"
            >
              <input
                class="form-check-input"
                id="5"
                type="checkbox"
              />
              <label
                class="form-check-label"
                for="5"
              >
                sdc1
              </label>
            </div>
          </td>
          <td>
            USB DISK (3.6 GiB)
          </td>
          <td>
            vfat
          </td>
          <td>
            2222
          </td>
        </tr>
      </tbody>
    </table>
  </div>
  <div
    class="text-end"
  >
    <button
      class="btn btn-primary mb-2 mb-md-0 mb-lg-3 ml-auto col-12 col-md-4 col-lg-2 d-inline-flex justify-content-center align-items-center"
      data-testid="format-set-btn"
      disabled=""
      type="button"
    >
      <span>
        Format & Set
      </span>
    </button>
  </div>
</div>
`;
