// Jest Snapshot v1, https://goo.gl/fbAQLP

exports[`<Drives /> Should render modal on Format&Set click. 1`] = `
"Snapshot Diff:
- First value
+ Second value

@@ -1,11 +1,11 @@
  <DocumentFragment>
    <div
      id=\\"modal-container\\"
    >
      <div
-       class=\\"modal fade\\"
+       class=\\"modal fade show\\"
        role=\\"dialog\\"
      >
        <div
          class=\\"modal-dialog  modal-dialog-centered\\"
          role=\\"document\\""
`;

exports[`<Drives /> Should render. 1`] = `
<div>
  <div
    id="modal-container"
  />
  <div
    class="form-group"
  >
    <label
      for="1"
    >
      RAID
    </label>
    <select
      class="custom-select"
      id="1"
    >
      <option
        value="custom"
      >
        Custom
      </option>
      <option
        value="raid1"
      >
        RAID1
      </option>
      <option
        value="single"
      >
        JBOD
      </option>
    </select>
    <small
      class="form-text text-muted"
    >
      Custom: 
Don't change the RAID level, keeps everything set the way it was. Useful if you have a really custom setup of your RAID
we don't support and want to just add/remove some disks.

    </small>
  </div>
  <div
    class="table-responsive"
  >
    <table
      class="table table-hover"
    >
      <thead
        class="thead-light"
      >
        <tr>
          <th
            scope="col"
          >
            Device
          </th>
          <th
            scope="col"
          >
            Description
          </th>
          <th
            scope="col"
          >
            Filesystem
          </th>
          <th
            scope="col"
          >
            UUID
          </th>
        </tr>
      </thead>
      <tbody>
        <tr>
          <td
            class=""
          >
            <div
              class="form-group"
            >
              <div
                class="custom-control custom-checkbox "
              >
                <input
                  class="custom-control-input"
                  id="2"
                  type="checkbox"
                />
                <label
                  class="custom-control-label"
                  for="2"
                >
                  sdb
                </label>
              </div>
            </div>
          </td>
          <td>
            USB DISK 2.0 (7.2 GiB)
          </td>
          <td />
          <td>
            1111
          </td>
        </tr>
        <tr>
          <td
            class="text-center"
          >
            <div
              class="form-group"
            >
              <div
                class="custom-control custom-checkbox "
              >
                <input
                  class="custom-control-input"
                  id="3"
                  type="checkbox"
                />
                <label
                  class="custom-control-label"
                  for="3"
                >
                  sdb1
                </label>
              </div>
            </div>
          </td>
          <td>
            USB DISK (7.2 GiB)
          </td>
          <td>
            ext4
          </td>
          <td>
            3333
          </td>
        </tr>
        <tr>
          <td
            class=""
          >
            <div
              class="form-group"
            >
              <div
                class="custom-control custom-checkbox "
              >
                <input
                  class="custom-control-input"
                  id="4"
                  type="checkbox"
                />
                <label
                  class="custom-control-label"
                  for="4"
                >
                  sdc
                </label>
              </div>
            </div>
          </td>
          <td>
            USB DISK 2.0 (3.6 GiB)
          </td>
          <td>
            btrfs
          </td>
          <td>
            4444
          </td>
        </tr>
        <tr>
          <td
            class="text-center"
          >
            <div
              class="form-group"
            >
              <div
                class="custom-control custom-checkbox "
              >
                <input
                  class="custom-control-input"
                  id="5"
                  type="checkbox"
                />
                <label
                  class="custom-control-label"
                  for="5"
                >
                  sdc1
                </label>
              </div>
            </div>
          </td>
          <td>
            USB DISK (3.6 GiB)
          </td>
          <td>
            vfat
          </td>
          <td>
            2222
          </td>
        </tr>
      </tbody>
    </table>
  </div>
  <button
    class="btn btn-primary mb-2 mb-md-0 ml-auto col-sm-12 col-md-4 col-lg-2"
    disabled=""
    type="button"
  >
    Format & Set
  </button>
</div>
`;
